
  EPA STORM WATER MANAGEMENT MODEL - VERSION 5.2 (Build 5.2.4)
  PYSWMM TOOLKIT API - VERSION v1.0 (2026-02-26)
  ------------------------------------------------------------

  Gravity-consistent road-derived conceptual drainage network 
  WARNING 02: maximum depth increased for Node N01928
  WARNING 02: maximum depth increased for Node N00006
  WARNING 02: maximum depth increased for Node N01482
  WARNING 02: maximum depth increased for Node N01456
  WARNING 02: maximum depth increased for Node N01206
  WARNING 02: maximum depth increased for Node N00964
  WARNING 02: maximum depth increased for Node N00483
  WARNING 02: maximum depth increased for Node N02471
  WARNING 02: maximum depth increased for Node N02485
  WARNING 02: maximum depth increased for Node N02129
  WARNING 02: maximum depth increased for Node N00994
  WARNING 02: maximum depth increased for Node N00178
  WARNING 02: maximum depth increased for Node N00496
  WARNING 02: maximum depth increased for Node N00492
  WARNING 02: maximum depth increased for Node N00174
  WARNING 02: maximum depth increased for Node N01711
  WARNING 02: maximum depth increased for Node N02484
  WARNING 02: maximum depth increased for Node N00098
  WARNING 02: maximum depth increased for Node N00709
  WARNING 02: maximum depth increased for Node N00198
  WARNING 02: maximum depth increased for Node N00179
  WARNING 02: maximum depth increased for Node N01542
  WARNING 02: maximum depth increased for Node N01953
  WARNING 02: maximum depth increased for Node N01610
  WARNING 02: maximum depth increased for Node N00696
  WARNING 02: maximum depth increased for Node N02472
  WARNING 02: maximum depth increased for Node N00217
  WARNING 02: maximum depth increased for Node N00008
  WARNING 02: maximum depth increased for Node N01525
  WARNING 02: maximum depth increased for Node N00181
  WARNING 02: maximum depth increased for Node N00171
  WARNING 02: maximum depth increased for Node N01302
  WARNING 02: maximum depth increased for Node N01485
  WARNING 02: maximum depth increased for Node N01657
  WARNING 02: maximum depth increased for Node N01329
  WARNING 02: maximum depth increased for Node N01656
  WARNING 02: maximum depth increased for Node N01373
  WARNING 02: maximum depth increased for Node N00069
  WARNING 02: maximum depth increased for Node N02130
  WARNING 02: maximum depth increased for Node N01102
  WARNING 02: maximum depth increased for Node N02145
  WARNING 02: maximum depth increased for Node N00481
  WARNING 02: maximum depth increased for Node N00877
  WARNING 02: maximum depth increased for Node N00084
  WARNING 02: maximum depth increased for Node N01103
  WARNING 02: maximum depth increased for Node N01630
  WARNING 02: maximum depth increased for Node N02132
  WARNING 02: maximum depth increased for Node N00130
  WARNING 02: maximum depth increased for Node N02141
  WARNING 02: maximum depth increased for Node N01454
  WARNING 02: maximum depth increased for Node N02473
  WARNING 02: maximum depth increased for Node N01659
  WARNING 02: maximum depth increased for Node N00801
  WARNING 02: maximum depth increased for Node N01101
  WARNING 02: maximum depth increased for Node N00916
  WARNING 02: maximum depth increased for Node N02083
  WARNING 02: maximum depth increased for Node N01655
  WARNING 02: maximum depth increased for Node N00873
  WARNING 02: maximum depth increased for Node N00189
  WARNING 02: maximum depth increased for Node N00857
  WARNING 02: maximum depth increased for Node N00872
  WARNING 02: maximum depth increased for Node N00507
  WARNING 02: maximum depth increased for Node N00168
  WARNING 02: maximum depth increased for Node N00191
  WARNING 02: maximum depth increased for Node N00676
  WARNING 02: maximum depth increased for Node N01098
  WARNING 02: maximum depth increased for Node N02082
  WARNING 02: maximum depth increased for Node N01455
  WARNING 02: maximum depth increased for Node N00641
  WARNING 02: maximum depth increased for Node N00849
  WARNING 02: maximum depth increased for Node N02147

  Analysis begun on:  Mon Aug 31 00:46:40 2026
  Analysis ended on:  Mon Aug 31 00:46:40 2026
  Total elapsed time: < 1 sec