
  EPA STORM WATER MANAGEMENT MODEL - VERSION 5.2 (Build 5.2.4)
  PYSWMM TOOLKIT API - VERSION v1.0 (2026-02-26)
  ------------------------------------------------------------

  Gravity-consistent road-derived conceptual drainage network 
  WARNING 02: maximum depth increased for Node N02240
  WARNING 02: maximum depth increased for Node N00366
  WARNING 02: maximum depth increased for Node N02547
  WARNING 02: maximum depth increased for Node N02674
  WARNING 02: maximum depth increased for Node N00182
  WARNING 02: maximum depth increased for Node N00178
  WARNING 02: maximum depth increased for Node N02576
  WARNING 02: maximum depth increased for Node N01881
  WARNING 02: maximum depth increased for Node N02714
  WARNING 02: maximum depth increased for Node N01475
  WARNING 02: maximum depth increased for Node N00854
  WARNING 02: maximum depth increased for Node N00343
  WARNING 02: maximum depth increased for Node N01928
  WARNING 02: maximum depth increased for Node N02661
  WARNING 02: maximum depth increased for Node N00780
  WARNING 02: maximum depth increased for Node N01101
  WARNING 02: maximum depth increased for Node N02672
  WARNING 02: maximum depth increased for Node N02266
  WARNING 02: maximum depth increased for Node N01063
  WARNING 02: maximum depth increased for Node N00295
  WARNING 02: maximum depth increased for Node N02474
  WARNING 02: maximum depth increased for Node N00196
  WARNING 02: maximum depth increased for Node N00282
  WARNING 02: maximum depth increased for Node N00174
  WARNING 02: maximum depth increased for Node N00289
  WARNING 02: maximum depth increased for Node N02699
  WARNING 02: maximum depth increased for Node N02214
  WARNING 02: maximum depth increased for Node N01204
  WARNING 02: maximum depth increased for Node N02059
  WARNING 02: maximum depth increased for Node N01552
  WARNING 02: maximum depth increased for Node N01036
  WARNING 02: maximum depth increased for Node N00439
  WARNING 02: maximum depth increased for Node N00193
  WARNING 02: maximum depth increased for Node N00181
  WARNING 02: maximum depth increased for Node N01251
  WARNING 02: maximum depth increased for Node N01436
  WARNING 02: maximum depth increased for Node N01369
  WARNING 02: maximum depth increased for Node N01856
  WARNING 02: maximum depth increased for Node N01304
  WARNING 02: maximum depth increased for Node N02036
  WARNING 02: maximum depth increased for Node N02673
  WARNING 02: maximum depth increased for Node N02689
  WARNING 02: maximum depth increased for Node N00189
  WARNING 02: maximum depth increased for Node N01963
  WARNING 02: maximum depth increased for Node N01657
  WARNING 02: maximum depth increased for Node N02327
  WARNING 02: maximum depth increased for Node N01629
  WARNING 02: maximum depth increased for Node N01365
  WARNING 02: maximum depth increased for Node N01497
  WARNING 02: maximum depth increased for Node N02830
  WARNING 02: maximum depth increased for Node N01677
  WARNING 02: maximum depth increased for Node N02083
  WARNING 02: maximum depth increased for Node N02388
  WARNING 02: maximum depth increased for Node N02147
  WARNING 02: maximum depth increased for Node N01303
  WARNING 02: maximum depth increased for Node N00493
  WARNING 02: maximum depth increased for Node N02605
  WARNING 02: maximum depth increased for Node N00494
  WARNING 02: maximum depth increased for Node N00498
  WARNING 02: maximum depth increased for Node N00707
  WARNING 02: maximum depth increased for Node N01009
  WARNING 02: maximum depth increased for Node N01656
  WARNING 02: maximum depth increased for Node N00816
  WARNING 02: maximum depth increased for Node N01098
  WARNING 02: maximum depth increased for Node N02514
  WARNING 02: maximum depth increased for Node N00963
  WARNING 02: maximum depth increased for Node N01100
  WARNING 02: maximum depth increased for Node N00801
  WARNING 02: maximum depth increased for Node N00222
  WARNING 02: maximum depth increased for Node N00513
  WARNING 02: maximum depth increased for Node N00855
  WARNING 02: maximum depth increased for Node N01162
  WARNING 02: maximum depth increased for Node N01655
  WARNING 02: maximum depth increased for Node N00179
  WARNING 02: maximum depth increased for Node N02513
  WARNING 02: maximum depth increased for Node N00198
  WARNING 02: maximum depth increased for Node N02082
  WARNING 02: maximum depth increased for Node N00168
  WARNING 02: maximum depth increased for Node N02528
  WARNING 02: maximum depth increased for Node N02271
  WARNING 02: maximum depth increased for Node N02611
  WARNING 02: maximum depth increased for Node N01901
  WARNING 02: maximum depth increased for Node N02650
  WARNING 02: maximum depth increased for Node N00713
  WARNING 02: maximum depth increased for Node N00986
  WARNING 02: maximum depth increased for Node N00505
  WARNING 02: maximum depth increased for Node N02145
  WARNING 02: maximum depth increased for Node N01102
  WARNING 02: maximum depth increased for Node N02267
  WARNING 02: maximum depth increased for Node N02567
  WARNING 02: maximum depth increased for Node N00851
  WARNING 02: maximum depth increased for Node N02524
  WARNING 02: maximum depth increased for Node N00180
  WARNING 02: maximum depth increased for Node N00592

  Analysis begun on:  Mon Aug 31 00:44:22 2026
  Analysis ended on:  Mon Aug 31 00:44:22 2026
  Total elapsed time: < 1 sec