
  EPA STORM WATER MANAGEMENT MODEL - VERSION 5.2 (Build 5.2.4)
  PYSWMM TOOLKIT API - VERSION v1.0 (2026-02-26)
  ------------------------------------------------------------

  Gravity-consistent road-derived conceptual drainage network 
  WARNING 02: maximum depth increased for Node N01451
  WARNING 02: maximum depth increased for Node N00366
  WARNING 02: maximum depth increased for Node N02139
  WARNING 02: maximum depth increased for Node N01629
  WARNING 02: maximum depth increased for Node N02046
  WARNING 02: maximum depth increased for Node N02330
  WARNING 02: maximum depth increased for Node N01039
  WARNING 02: maximum depth increased for Node N02545
  WARNING 02: maximum depth increased for Node N01809
  WARNING 02: maximum depth increased for Node N00309
  WARNING 02: maximum depth increased for Node N01370
  WARNING 02: maximum depth increased for Node N01791
  WARNING 02: maximum depth increased for Node N02275
  WARNING 02: maximum depth increased for Node N02261
  WARNING 02: maximum depth increased for Node N02575
  WARNING 02: maximum depth increased for Node N01102
  WARNING 02: maximum depth increased for Node N01748
  WARNING 02: maximum depth increased for Node N02388
  WARNING 02: maximum depth increased for Node N02280
  WARNING 02: maximum depth increased for Node N02611
  WARNING 02: maximum depth increased for Node N00550
  WARNING 02: maximum depth increased for Node N00304
  WARNING 02: maximum depth increased for Node N01373
  WARNING 02: maximum depth increased for Node N00901
  WARNING 02: maximum depth increased for Node N00902
  WARNING 02: maximum depth increased for Node N02354
  WARNING 02: maximum depth increased for Node N00592
  WARNING 02: maximum depth increased for Node N01206
  WARNING 02: maximum depth increased for Node N00307
  WARNING 02: maximum depth increased for Node N00069
  WARNING 02: maximum depth increased for Node N01038
  WARNING 02: maximum depth increased for Node N00770
  WARNING 02: maximum depth increased for Node N01037
  WARNING 02: maximum depth increased for Node N02515
  WARNING 02: maximum depth increased for Node N00008
  WARNING 02: maximum depth increased for Node N01797
  WARNING 02: maximum depth increased for Node N00114
  WARNING 02: maximum depth increased for Node N00299
  WARNING 02: maximum depth increased for Node N00301
  WARNING 02: maximum depth increased for Node N00281
  WARNING 02: maximum depth increased for Node N00907
  WARNING 02: maximum depth increased for Node N00873
  WARNING 02: maximum depth increased for Node N01690
  WARNING 02: maximum depth increased for Node N02794
  WARNING 02: maximum depth increased for Node N00832
  WARNING 02: maximum depth increased for Node N00692
  WARNING 02: maximum depth increased for Node N00655
  WARNING 02: maximum depth increased for Node N01794
  WARNING 02: maximum depth increased for Node N01682
  WARNING 02: maximum depth increased for Node N00779
  WARNING 02: maximum depth increased for Node N01742
  WARNING 02: maximum depth increased for Node N00302
  WARNING 02: maximum depth increased for Node N02063
  WARNING 02: maximum depth increased for Node N00343
  WARNING 02: maximum depth increased for Node N01119
  WARNING 02: maximum depth increased for Node N00404
  WARNING 02: maximum depth increased for Node N01287
  WARNING 02: maximum depth increased for Node N00098
  WARNING 02: maximum depth increased for Node N00006
  WARNING 02: maximum depth increased for Node N00656
  WARNING 02: maximum depth increased for Node N02058
  WARNING 02: maximum depth increased for Node N01475
  WARNING 02: maximum depth increased for Node N01432
  WARNING 02: maximum depth increased for Node N02567
  WARNING 02: maximum depth increased for Node N01278
  WARNING 02: maximum depth increased for Node N00196
  WARNING 02: maximum depth increased for Node N02118
  WARNING 02: maximum depth increased for Node N00454
  WARNING 02: maximum depth increased for Node N01691
  WARNING 02: maximum depth increased for Node N00279
  WARNING 02: maximum depth increased for Node N00283
  WARNING 02: maximum depth increased for Node N02605
  WARNING 02: maximum depth increased for Node N02352
  WARNING 02: maximum depth increased for Node N02576
  WARNING 02: maximum depth increased for Node N00514
  WARNING 02: maximum depth increased for Node N02815
  WARNING 02: maximum depth increased for Node N02083
  WARNING 02: maximum depth increased for Node N00300
  WARNING 02: maximum depth increased for Node N00298
  WARNING 02: maximum depth increased for Node N02082
  WARNING 02: maximum depth increased for Node N01618

  Analysis begun on:  Mon Aug 31 00:44:19 2026
  Analysis ended on:  Mon Aug 31 00:44:19 2026
  Total elapsed time: < 1 sec