
  EPA STORM WATER MANAGEMENT MODEL - VERSION 5.2 (Build 5.2.4)
  PYSWMM TOOLKIT API - VERSION v1.0 (2026-02-26)
  ------------------------------------------------------------

  Gravity-consistent road-derived conceptual drainage network 
  WARNING 02: maximum depth increased for Node N00449
  WARNING 02: maximum depth increased for Node N02473
  WARNING 02: maximum depth increased for Node N02689
  WARNING 02: maximum depth increased for Node N02429
  WARNING 02: maximum depth increased for Node N02650
  WARNING 02: maximum depth increased for Node N00282
  WARNING 02: maximum depth increased for Node N00831
  WARNING 02: maximum depth increased for Node N00109
  WARNING 02: maximum depth increased for Node N01586
  WARNING 02: maximum depth increased for Node N02082
  WARNING 02: maximum depth increased for Node N01366
  WARNING 02: maximum depth increased for Node N01414
  WARNING 02: maximum depth increased for Node N00222
  WARNING 02: maximum depth increased for Node N01329
  WARNING 02: maximum depth increased for Node N01037
  WARNING 02: maximum depth increased for Node N00724
  WARNING 02: maximum depth increased for Node N00605
  WARNING 02: maximum depth increased for Node N00450
  WARNING 02: maximum depth increased for Node N01057
  WARNING 02: maximum depth increased for Node N01275
  WARNING 02: maximum depth increased for Node N00604
  WARNING 02: maximum depth increased for Node N01164
  WARNING 02: maximum depth increased for Node N01331
  WARNING 02: maximum depth increased for Node N02708
  WARNING 02: maximum depth increased for Node N00457
  WARNING 02: maximum depth increased for Node N00321
  WARNING 02: maximum depth increased for Node N00480
  WARNING 02: maximum depth increased for Node N00928
  WARNING 02: maximum depth increased for Node N01868
  WARNING 02: maximum depth increased for Node N01952
  WARNING 02: maximum depth increased for Node N02261
  WARNING 02: maximum depth increased for Node N02299
  WARNING 02: maximum depth increased for Node N01452
  WARNING 02: maximum depth increased for Node N01469
  WARNING 02: maximum depth increased for Node N02046
  WARNING 02: maximum depth increased for Node N00100
  WARNING 02: maximum depth increased for Node N00927
  WARNING 02: maximum depth increased for Node N02642
  WARNING 02: maximum depth increased for Node N00160
  WARNING 02: maximum depth increased for Node N00696
  WARNING 02: maximum depth increased for Node N01928
  WARNING 02: maximum depth increased for Node N00211
  WARNING 02: maximum depth increased for Node N00482
  WARNING 02: maximum depth increased for Node N00496
  WARNING 02: maximum depth increased for Node N02495
  WARNING 02: maximum depth increased for Node N02047
  WARNING 02: maximum depth increased for Node N01274
  WARNING 02: maximum depth increased for Node N00108
  WARNING 02: maximum depth increased for Node N02083
  WARNING 02: maximum depth increased for Node N00692
  WARNING 02: maximum depth increased for Node N01344
  WARNING 02: maximum depth increased for Node N00175
  WARNING 02: maximum depth increased for Node N00298
  WARNING 02: maximum depth increased for Node N02086
  WARNING 02: maximum depth increased for Node N01656
  WARNING 02: maximum depth increased for Node N02528
  WARNING 02: maximum depth increased for Node N00008
  WARNING 02: maximum depth increased for Node N00106
  WARNING 02: maximum depth increased for Node N00691
  WARNING 02: maximum depth increased for Node N01951
  WARNING 02: maximum depth increased for Node N00237
  WARNING 02: maximum depth increased for Node N00717
  WARNING 02: maximum depth increased for Node N00322
  WARNING 02: maximum depth increased for Node N00318
  WARNING 02: maximum depth increased for Node N02690
  WARNING 02: maximum depth increased for Node N02687
  WARNING 02: maximum depth increased for Node N01657
  WARNING 02: maximum depth increased for Node N00679
  WARNING 02: maximum depth increased for Node N02367
  WARNING 02: maximum depth increased for Node N01276
  WARNING 02: maximum depth increased for Node N00205
  WARNING 02: maximum 