
  EPA STORM WATER MANAGEMENT MODEL - VERSION 5.2 (Build 5.2.4)
  PYSWMM TOOLKIT API - VERSION v1.0 (2026-02-26)
  ------------------------------------------------------------

  Gravity-consistent road-derived conceptual drainage network 
  WARNING 02: maximum depth increased for Node N01098
  WARNING 02: maximum depth increased for Node N00277
  WARNING 02: maximum depth increased for Node N02036
  WARNING 02: maximum depth increased for Node N01497
  WARNING 02: maximum depth increased for Node N02271
  WARNING 02: maximum depth increased for Node N00505
  WARNING 02: maximum depth increased for Node N01988
  WARNING 02: maximum depth increased for Node N00513
  WARNING 02: maximum depth increased for Node N02063
  WARNING 02: maximum depth increased for Node N02291
  WARNING 02: maximum depth increased for Node N02513
  WARNING 02: maximum depth increased for Node N02326
  WARNING 02: maximum depth increased for Node N02352
  WARNING 02: maximum depth increased for Node N02147
  WARNING 02: maximum depth increased for Node N00439
  WARNING 02: maximum depth increased for Node N02501
  WARNING 02: maximum depth increased for Node N00499
  WARNING 02: maximum depth increased for Node N00179
  WARNING 02: maximum depth increased for Node N01303
  WARNING 02: maximum depth increased for Node N01889
  WARNING 02: maximum depth increased for Node N01046
  WARNING 02: maximum depth increased for Node N02157
  WARNING 02: maximum depth increased for Node N01072
  WARNING 02: maximum depth increased for Node N02144
  WARNING 02: maximum depth increased for Node N02299
  WARNING 02: maximum depth increased for Node N02674
  WARNING 02: maximum depth increased for Node N00180
  WARNING 02: maximum depth increased for Node N01881
  WARNING 02: maximum depth increased for Node N02162
  WARNING 02: maximum depth increased for Node N01856
  WARNING 02: maximum depth increased for Node N00168
  WARNING 02: maximum depth increased for Node N00907
  WARNING 02: maximum depth increased for Node N00198
  WARNING 02: maximum depth increased for Node N01204
  WARNING 02: maximum depth increased for Node N02092
  WARNING 02: maximum depth increased for Node N01841
  WARNING 02: maximum depth increased for Node N00678
  WARNING 02: maximum depth increased for Node N02058
  WARNING 02: maximum depth increased for Node N01050
  WARNING 02: maximum depth increased for Node N02673
  WARNING 02: maximum depth increased for Node N00493
  WARNING 02: maximum depth increased for Node N00196
  WARNING 02: maximum depth increased for Node N02650
  WARNING 02: maximum depth increased for Node N00691
  WARNING 02: maximum depth increased for Node N01101
  WARNING 02: maximum depth increased for Node N00189
  WARNING 02: maximum depth increased for Node N02047
  WARNING 02: maximum depth increased for Node N01655
  WARNING 02: maximum depth increased for Node N02354
  WARNING 02: maximum depth increased for Node N00492
  WARNING 02: maximum depth increased for Node N00707
  WARNING 02: maximum depth increased for Node N01411
  WARNING 02: maximum depth increased for Node N00831
  WARNING 02: maximum depth increased for Node N02504
  WARNING 02: maximum depth increased for Node N00404
  WARNING 02: maximum depth increased for Node N02117
  WARNING 02: maximum depth increased for Node N00494
  WARNING 02: maximum depth increased for Node N00980
  WARNING 02: maximum depth increased for Node N01854
  WARNING 02: maximum depth increased for Node N00295
  WARNING 02: maximum depth increased for Node N00282
  WARNING 02: maximum depth increased for Node N01427
  WARNING 02: maximum depth increased for Node N00820
  WARNING 02: maximum depth increased for Node N02330
  WARNING 02: maximum depth increased for Node N02830
  WARNING 02: maximum depth increased for Node N00962
  WARNING 02: maximum depth increased for Node N02702
  WARNING 02: maximum depth increased for Node N00273
  WARNING 02: maximum depth increased for Node N02164
  WARNING 02: maximum depth increased for Node N01846
  WARNING 02: maximum depth increased for Node N01657
  WARNING 02: maximum depth increased for Node N02514
  WARNING 02: maximum depth increased for Node N02672
  WARNING 02: maximum depth increased for Node N02095
  WARNING 02: maximum depth increased for Node N01304
  WARNING 02: maximum depth increased for Node N01837
  WARNING 02: maximum depth increased for Node N01102
  WARNING 02: maximum depth increased for Node N01677
  WARNING 02: maximum depth increased for Node N02567
  WARNING 02: maximum depth increased for Node N01992
  WARNING 02: maximum depth increased for Node N02817
  WARNING 02: maximum depth increased for Node N00887
  WARNING 02: maximum depth increased for Node N01804
  WARNING 02: maximum depth increased for Node N00574
  WARNING 02: maximum depth increased for Node N01618
  WARNING 02: maximum depth increased for Node N02644
  WARNING 02: maximum depth increased for Node N02524
  WARNING 02: maximum depth increased for Node N02547
  WARNING 02: maximum depth increased for Node N02266
  WARNING 02: maximum depth increased for Node N01436
  WARNING 02: maximum depth increased for Node N01007
  WARNING 02: maximum depth increased for Node N01552
  WARNING 02: maximum depth increased for Node N01100
  WARNING 02: maximum depth increased for Node N02214
  WARNING 02: maximum depth increased for Node N01412
  WARNING 02: maximum depth increased for Node N01447
  WARNING 02: maximum depth increased for Node N02267
  WARNING 02: maximum depth increased for Node N01656
  WARNING 02: maximum depth increased for Node N02145
  WARNING 02: maximum depth increased for Node N00963
  WARNING 02: maximum depth increased for Node N02448
  WARNING 02: maximum depth increased for Node N02093
  WARNING 02: maximum depth increased for Node N01586
  WARNING 02: maximum depth increased for Node N00592
  WARNING 02: maximum depth increased for Node N00711
  WARNING 02: maximum depth increased for Node N00181
  WARNING 02: maximum depth increased for Node N01325

  Analysis begun on:  Mon Aug 31 00:44:26 2026
  Analysis ended on:  Mon Aug 31 00:44:26 2026
  Total elapsed time: < 1 sec