
  EPA STORM WATER MANAGEMENT MODEL - VERSION 5.2 (Build 5.2.4)
  PYSWMM TOOLKIT API - VERSION v1.0 (2026-02-26)
  ------------------------------------------------------------

  Gravity-consistent road-derived conceptual drainage network 
  WARNING 02: maximum depth increased for Node N00513
  WARNING 02: maximum depth increased for Node N00298
  WARNING 02: maximum depth increased for Node N02448
  WARNING 02: maximum depth increased for Node N02352
  WARNING 02: maximum depth increased for Node N00492
  WARNING 02: maximum depth increased for Node N02299
  WARNING 02: maximum depth increased for Node N00225
  WARNING 02: maximum depth increased for Node N01992
  WARNING 02: maximum depth increased for Node N00980
  WARNING 02: maximum depth increased for Node N00281
  WARNING 02: maximum depth increased for Node N02535
  WARNING 02: maximum depth increased for Node N00809
  WARNING 02: maximum depth increased for Node N02696
  WARNING 02: maximum depth increased for Node N00887
  WARNING 02: maximum depth increased for Node N00277
  WARNING 02: maximum depth increased for Node N02266
  WARNING 02: maximum depth increased for Node N00691
  WARNING 02: maximum depth increased for Node N01846
  WARNING 02: maximum depth increased for Node N00404
  WARNING 02: maximum depth increased for Node N02326
  WARNING 02: maximum depth increased for Node N02504
  WARNING 02: maximum depth increased for Node N00438
  WARNING 02: maximum depth increased for Node N02497
  WARNING 02: maximum depth increased for Node N02063
  WARNING 02: maximum depth increased for Node N02354
  WARNING 02: maximum depth increased for Node N01204
  WARNING 02: maximum depth increased for Node N01412
  WARNING 02: maximum depth increased for Node N00711
  WARNING 02: maximum depth increased for Node N00017
  WARNING 02: maximum depth increased for Node N01847
  WARNING 02: maximum depth increased for Node N02117
  WARNING 02: maximum depth increased for Node N01940
  WARNING 02: maximum depth increased for Node N01429
  WARNING 02: maximum depth increased for Node N00307
  WARNING 02: maximum depth increased for Node N01655
  WARNING 02: maximum depth increased for Node N02817
  WARNING 02: maximum depth increased for Node N02147
  WARNING 02: maximum depth increased for Node N01098
  WARNING 02: maximum depth increased for Node N00907
  WARNING 02: maximum depth increased for Node N01988
  WARNING 02: maximum depth increased for Node N02537
  WARNING 02: maximum depth increased for Node N01856
  WARNING 02: maximum depth increased for Node N00831
  WARNING 02: maximum depth increased for Node N00678
  WARNING 02: maximum depth increased for Node N00179
  WARNING 02: maximum depth increased for Node N02080
  WARNING 02: maximum depth increased for Node N01586
  WARNING 02: maximum depth increased for Node N00168
  WARNING 02: maximum depth increased for Node N01837
  WARNING 02: maximum depth increased for Node N02162
  WARNING 02: maximum depth increased for Node N01804
  WARNING 02: maximum depth increased for Node N01325
  WARNING 02: maximum depth increased for Node N02714
  WARNING 02: maximum depth increased for Node N00672
  WARNING 02: maximum depth increased for Node N02058
  WARNING 02: maximum depth increased for Node N01046
  WARNING 02: maximum depth increased for Node N00091
  WARNING 02: maximum depth increased for Node N02036
  WARNING 02: maximum depth increased for Node N00332
  WARNING 02: maximum depth increased for Node N00574
  WARNING 02: maximum depth increased for Node N02164
  WARNING 02: maximum depth increased for Node N01050
  WARNING 02: maximum depth increased for Node N02291
  WARNING 02: maximum depth increased for Node N00362
  WARNING 02: maximum depth increased for Node N02753
  WARNING 02: maximum depth increased for Node N02513
  WARNING 02: maximum depth increased for Node N01656
  WARNING 02: maximum depth increased for Node N01303
  WARNING 02: maximum depth increased for Node N00505
  WARNING 02: maximum depth increased for Node N01072
  WARNING 02: maximum depth increased for Node N00592
  WARNING 02: maximum depth increased for Node N00499
  WARNING 02: maximum depth increased for Node N02498
  WARNING 02: maximum depth increased for Node N00494
  WARNING 02: maximum depth increased for Node N00196
  WARNING 02: maximum depth increased for Node N00394
  WARNING 02: maximum depth increased for Node N01410
  WARNING 02: maximum depth increased for Node N02096
  WARNING 02: maximum depth increased for Node N02047
  WARNING 02: maximum depth increased for Node N01657
  WARNING 02: maximum depth increased for Node N02214
  WARNING 02: maximum depth increased for Node N02627
  WARNING 02: maximum depth increased for Node N01618
  WARNING 02: maximum depth increased for Node N00027
  WARNING 02: maximum depth increased for Node N02243
  WARNING 02: maximum depth increased for Node N01841
  WARNING 02: maximum depth increased for Node N01007
  WARNING 02: maximum depth increased for Node N02514
  WARNING 02: maximum depth increased for Node N01588
  WARNING 02: maximum depth increased for Node N00398
  WARNING 02: maximum depth increased for Node N01305
  WARNING 02: maximum depth increased for Node N02547
  WARNING 02: maximum depth increased for Node N01864
  WARNING 02: maximum depth increased for Node N01100
  WARNING 02: maximum depth increased for Node N02567
  WARNING 02: maximum depth increased for Node N00084
  WARNING 02: maximum depth increased for Node N00338
  WARNING 02: maximum depth increased for Node N01280
  WARNING 02: maximum depth increased for Node N01146
  WARNING 02: maximum depth increased for Node N00493
  WARNING 02: maximum depth increased for Node N02650
  WARNING 02: maximum depth increased for Node N00189
  WARNING 02: maximum depth increased for Node N01059
  WARNING 02: maximum depth increased for Node N00724
  WARNING 02: maximum depth increased for Node N02239
  WARNING 02: maximum depth increased for Node N00180
  WARNING 02: maximum depth increased for Node N01447
  WARNING 02: maximum depth increased for Node N00963
  WARNING 02: maximum depth increased for Node N00283
  WARNING 02: maximum depth increased for Node N00309
  WARNING 02: maximum depth increased for Node N02501
  WARNING 02: maximum depth increased for Node N00301
  WARNING 02: maximum depth increased for Node N00811
  WARNING 02: maximum depth increased for Node N01038
  WARNING 02: maximum depth increased for Node N00198
  WARNING 02: maximum depth increased for Node N02629
  WARNING 02: maximum depth increased for Node N01037
  WARNING 02: maximum depth increased for Node N00707
  WARNING 02: maximum depth increased for Node N02271
  WARNING 02: maximum depth increased for Node N02330
  WARNING 02: maximum depth increased for Node N02830
  WARNING 02: maximum depth increased for Node N02318
  WARNING 02: maximum depth increased for Node N02840
  WARNING 02: maximum depth increased for Node N00819
  WARNING 02: maximum depth increased for Node N02267
  WARNING 02: maximum depth increased for Node N02524
  WARNING 02: maximum depth increased for Node N02644
  WARNING 02: maximum depth increased for Node N02144
  WARNING 02: maximum depth increased for Node N02157
  WARNING 02: maximum depth increased for Node N01304

  Analysis begun on:  Mon Aug 31 00:44:31 2026
  Analysis ended on:  Mon Aug 31 00:44:31 2026
  Total elapsed time: < 1 sec