
  EPA STORM WATER MANAGEMENT MODEL - VERSION 5.2 (Build 5.2.4)
  PYSWMM TOOLKIT API - VERSION v1.0 (2026-02-26)
  ------------------------------------------------------------

  Shenzhen OSM Full Domain 
  WARNING 04: minimum elevation drop used for Conduit C00005
  WARNING 04: minimum elevation drop used for Conduit C00013
  WARNING 04: minimum elevation drop used for Conduit C00023
  WARNING 04: minimum elevation drop used for Conduit C00104
  WARNING 04: minimum elevation drop used for Conduit C00191
  WARNING 04: minimum elevation drop used for Conduit C00213
  WARNING 04: minimum elevation drop used for Conduit C00229
  WARNING 04: minimum elevation drop used for Conduit C00250
  WARNING 04: minimum elevation drop used for Conduit C00251
  WARNING 04: minimum elevation drop used for Conduit C00376
  WARNING 04: minimum elevation drop used for Conduit C00401
  WARNING 04: minimum elevation drop used for Conduit C00402
  WARNING 04: minimum elevation drop used for Conduit C00428
  WARNING 04: minimum elevation drop used for Conduit C00430
  WARNING 04: minimum elevation drop used for Conduit C00435
  WARNING 04: minimum elevation drop used for Conduit C00499
  WARNING 04: minimum elevation drop used for Conduit C00538
  WARNING 04: minimum elevation drop used for Conduit C00625
  WARNING 04: minimum elevation drop used for Conduit C00666
  WARNING 04: minimum elevation drop used for Conduit C00679
  WARNING 04: minimum elevation drop used for Conduit C00680
  WARNING 04: minimum elevation drop used for Conduit C00690
  WARNING 04: minimum elevation drop used for Conduit C00716
  WARNING 04: minimum elevation drop used for Conduit C00717
  WARNING 04: minimum elevation drop used for Conduit C00719
  WARNING 04: minimum elevation drop used for Conduit C00804
  WARNING 04: minimum elevation drop used for Conduit C00843
  WARNING 04: minimum elevation drop used for Conduit C00845
  WARNING 04: minimum elevation drop used for Conduit C00847
  WARNING 04: minimum elevation drop used for Conduit C00893
  WARNING 04: minimum elevation drop used for Conduit C00896
  WARNING 04: minimum elevation drop used for Conduit C00897
  WARNING 04: minimum elevation drop used for Conduit C00950
  WARNING 04: minimum elevation drop used for Conduit C00958
  WARNING 04: minimum elevation drop used for Conduit C00960
  WARNING 04: minimum elevation drop used for Conduit C00965
  WARNING 04: minimum elevation drop used for Conduit C00968
  WARNING 04: minimum elevation drop used for Conduit C00991
  WARNING 04: minimum elevation drop used for Conduit C01016
  WARNING 04: minimum elevation drop used for Conduit C01021
  WARNING 04: minimum elevation drop used for Conduit C01022
  WARNING 04: minimum elevation drop used for Conduit C01027
  WARNING 04: minimum elevation drop used for Conduit C01028
  WARNING 04: minimum elevation drop used for Conduit C01029
  WARNING 04: minimum elevation drop used for Conduit C01030
  WARNING 04: minimum elevation drop used for Conduit C01045
  WARNING 04: minimum elevation drop used for Conduit C01072
  WARNING 04: minimum elevation drop used for Conduit C01088
  WARNING 04: minimum elevation drop used for Conduit C01099
  WARNING 04: minimum elevation drop used for Conduit C01100
  WARNING 04: minimum elevation drop used for Conduit C01101
  WARNING 04: minimum elevation drop used for Conduit C01104
  WARNING 04: minimum elevation drop used for Conduit C01108
  WARNING 04: minimum elevation drop used for Conduit C01114
  WARNING 04: minimum elevation drop used for Conduit C01117
  WARNING 04: minimum elevation drop used for Conduit C01122
  WARNING 04: minimum elevation drop used for Conduit C01138
  WARNING 04: minimum elevation drop used for Conduit C01141
  WARNING 04: minimum elevation drop used for Conduit C01142
  WARNING 04: minimum elevation drop used for Conduit C01143
  WARNING 04: minimum elevation drop used for Conduit C01144
  WARNING 04: minimum elevation drop used for Conduit C01162
  WARNING 04: minimum elevation drop used for Conduit C01165
  WARNING 04: minimum elevation drop used for Conduit C01166
  WARNING 04: minimum elevation drop used for Conduit C01167
  WARNING 04: minimum elevation drop used for Conduit C01182
  WARNING 04: minimum elevation drop used for Conduit C01186
  WARNING 04: minimum elevation drop used for Conduit C01194
  WARNING 04: minimum elevation drop used for Conduit C01219
  WARNING 04: minimum elevation drop used for Conduit C01220
  WARNING 04: minimum elevation drop used for Conduit C01223
  WARNING 04: minimum elevation drop used for Conduit C01229
  WARNING 04: minimum elevation drop used for Conduit C01236
  WARNING 04: minimum elevation drop used for Conduit C01237
  WARNING 04: minimum elevation drop used for Conduit C01261
  WARNING 04: minimum elevation drop used for Conduit C01290
  WARNING 04: minimum elevation drop used for Conduit C01293
  WARNING 04: minimum elevation drop used for Conduit C01315
  WARNING 04: minimum elevation drop used for Conduit C01345
  WARNING 04: minimum elevation drop used for Conduit C01346
  WARNING 04: minimum elevation drop used for Conduit C01384
  WARNING 04: minimum elevation drop used for Conduit C01466
  WARNING 04: minimum elevation drop used for Conduit C01491
  WARNING 04: minimum elevation drop used for Conduit C01535
  WARNING 04: minimum elevation drop used for Conduit C01538
  WARNING 04: minimum elevation drop used for Conduit C01548
  WARNING 04: minimum elevation drop used for Conduit C01549
  WARNING 04: minimum elevation drop used for Conduit C01664
  WARNING 04: minimum elevation drop used for Conduit C01674
  WARNING 04: minimum elevation drop used for Conduit C01706
  WARNING 04: minimum elevation drop used for Conduit C01721
  WARNING 04: minimum elevation drop used for Conduit C01723
  WARNING 04: minimum elevation drop used for Conduit C01725
  WARNING 04: minimum elevation drop used for Conduit C01730
  WARNING 04: minimum elevation drop used for Conduit C01810
  WARNING 04: minimum elevation drop used for Conduit C01813
  WARNING 04: minimum elevation drop used for Conduit C01831
  WARNING 04: minimum elevation drop used for Conduit C01832
  WARNING 04: minimum elevation drop used for Conduit C01841
  WARNING 04: minimum elevation drop used for Conduit C01881
  WARNING 04: minimum elevation drop used for Conduit C01924
  WARNING 04: minimum elevation drop used for Conduit C01944
  WARNING 04: minimum elevation drop used for Conduit C01962
  WARNING 04: minimum elevation drop used for Conduit C01963
  WARNING 04: minimum elevation drop used for Conduit C01986
  WARNING 04: minimum elevation drop used for Conduit C01992
  WARNING 04: minimum elevation drop used for Conduit C02002
  WARNING 04: minimum elevation drop used for Conduit C02032
  WARNING 04: minimum elevation drop used for Conduit C02044
  WARNING 04: minimum elevation drop used for Conduit C02088
  WARNING 04: minimum elevation drop used for Conduit C02159
  WARNING 04: minimum elevation drop used for Conduit C02197
  WARNING 04: minimum elevation drop used for Conduit C02200
  WARNING 04: minimum elevation drop used for Conduit C02206
  WARNING 04: minimum elevation drop used for Conduit C02266
  WARNING 04: minimum elevation drop used for Conduit C02267
  WARNING 04: minimum elevation drop used for Conduit C02280
  WARNING 04: minimum elevation drop used for Conduit C02301
  WARNING 04: minimum elevation drop used for Conduit C02302
  WARNING 04: minimum elevation drop used for Conduit C02303
  WARNING 04: minimum elevation drop used for Conduit C02335
  WARNING 04: minimum elevation drop used for Conduit C02406
  WARNING 04: minimum elevation drop used for Conduit C02417
  WARNING 04: minimum elevation drop used for Conduit C02418
  WARNING 04: minimum elevation drop used for Conduit C02456
  WARNING 04: minimum elevation drop used for Conduit C02457
  WARNING 04: minimum elevation drop used for Conduit C02489
  WARNING 04: minimum elevation drop used for Conduit C02490
  WARNING 04: minimum elevation drop used for Conduit C02535
  WARNING 04: minimum elevation drop used for Conduit C02557
  WARNING 04: minimum elevation drop used for Conduit C02581
  WARNING 04: minimum elevation drop used for Conduit C02582
  WARNING 04: minimum elevation drop used for Conduit C02589
  WARNING 04: minimum elevation drop used for Conduit C02590
  WARNING 04: minimum elevation drop used for Conduit C02591
  WARNING 04: minimum elevation drop used for Conduit C02592
  WARNING 04: minimum elevation drop used for Conduit C02685
  WARNING 04: minimum elevation drop used for Conduit C02686
  WARNING 04: minimum elevation drop used for Conduit C02705
  WARNING 04: minimum elevation drop used for Conduit C02706
  WARNING 04: minimum elevation drop used for Conduit C02708
  WARNING 04: minimum elevation drop used for Conduit C02709
  WARNING 04: minimum elevation drop used for Conduit C02710
  WARNING 04: minimum elevation drop used for Conduit C02711
  WARNING 04: minimum elevation drop used for Conduit C02715
  WARNING 04: minimum elevation drop used for Conduit C02716
  WARNING 04: minimum elevation drop used for Conduit C02717
  WARNING 04: minimum elevation drop used for Conduit C02718
  WARNING 04: minimum elevation drop used for Conduit C02719
  WARNING 04: minimum elevation drop used for Conduit C02720
  WARNING 04: minimum elevation drop used for Conduit C02721
  WARNING 04: minimum elevation drop used for Conduit C02722
  WARNING 04: minimum elevation drop used for Conduit C02725
  WARNING 04: minimum elevation drop used for Conduit C02726
  WARNING 04: minimum elevation drop used for Conduit C02727
  WARNING 04: minimum elevation drop used for Conduit C02728
  WARNING 04: minimum elevation drop used for Conduit C02729
  WARNING 04: minimum elevation drop used for Conduit C02730
  WARNING 04: minimum elevation drop used for Conduit C02731
  WARNING 04: minimum elevation drop used for Conduit C02743
  WARNING 04: minimum elevation drop used for Conduit C02764
  WARNING 04: minimum elevation drop used for Conduit C02765
  WARNING 04: minimum elevation drop used for Conduit C02766
  WARNING 04: minimum elevation drop used for Conduit C02767
  WARNING 04: minimum elevation drop used for Conduit C02768
  WARNING 04: minimum elevation drop used for Conduit C02769
  WARNING 04: minimum elevation drop used for Conduit C02770
  WARNING 04: minimum elevation drop used for Conduit C02771
  WARNING 04: minimum elevation drop used for Conduit C02772
  WARNING 04: minimum elevation drop used for Conduit C02825
  WARNING 04: minimum elevation drop used for Conduit C02829
  WARNING 04: minimum elevation drop used for Conduit C02845
  WARNING 04: minimum elevation drop used for Conduit C02875
  WARNING 04: minimum elevation drop used for Conduit C02876
  WARNING 04: minimum elevation drop used for Conduit C02878
  WARNING 04: minimum elevation drop used for Conduit C02887
  WARNING 04: minimum elevation drop used for Conduit C02890
  WARNING 04: minimum elevation drop used for Conduit C02891
  WARNING 04: minimum elevation drop used for Conduit C02903
  WARNING 04: minimum elevation drop used for Conduit C02904
  WARNING 04: minimum elevation drop used for Conduit C02945
  WARNING 04: minimum elevation drop used for Conduit C02946
  WARNING 04: minimum elevation drop used for Conduit C02950
  WARNING 04: minimum elevation drop used for Conduit C02990
  WARNING 04: minimum elevation drop used for Conduit C02991
  WARNING 04: minimum elevation drop used for Conduit C02995
  WARNING 04: minimum elevation drop used for Conduit C03002
  WARNING 04: minimum elevation drop used for Conduit C03023
  WARNING 04: minimum elevation drop used for Conduit C03025
  WARNING 04: minimum elevation drop used for Conduit C03026
  WARNING 04: minimum elevation drop used for Conduit C03028
  WARNING 04: minimum elevation drop used for Conduit C03061
  WARNING 04: minimum elevation drop used for Conduit C03067
  WARNING 04: minimum elevation drop used for Conduit C03068
  WARNING 04: minimum elevation drop used for Conduit C03069
  WARNING 04: minimum elevation drop used for Conduit C03074
  WARNING 04: minimum elevation drop used for Conduit C03079
  WARNING 04: minimum elevation drop used for Conduit C03096
  WARNING 04: minimum elevation drop used for Conduit C03124
  WARNING 04: minimum elevation drop used for Conduit C03125
  WARNING 04: minimum elevation drop used for Conduit C03126
  WARNING 04: minimum elevation drop used for Conduit C03138
  WARNING 04: minimum elevation drop used for Conduit C03139
  WARNING 04: minimum elevation drop used for Conduit C03147
  WARNING 04: minimum elevation drop used for Conduit C03152
  WARNING 04: minimum elevation drop used for Conduit C03233
  WARNING 04: minimum elevation drop used for Conduit C03241
  WARNING 04: minimum elevation drop used for Conduit C03254
  WARNING 04: minimum elevation drop used for Conduit C03255
  WARNING 04: minimum elevation drop used for Conduit C03257
  WARNING 04: minimum elevation drop used for Conduit C03259
  WARNING 04: minimum elevation drop used for Conduit C03286
  WARNING 04: minimum elevation drop used for Conduit C03292
  WARNING 04: minimum elevation drop used for Conduit C03315
  WARNING 04: minimum elevation drop used for Conduit C03316
  WARNING 04: minimum elevation drop used for Conduit C03317
  WARNING 04: minimum elevation drop used for Conduit C03382
  WARNING 04: minimum elevation drop used for Conduit C03384
  WARNING 04: minimum elevation drop used for Conduit C03435
  WARNING 04: minimum elevation drop used for Conduit C03436
  WARNING 04: minimum elevation drop used for Conduit C03464
  WARNING 04: minimum elevation drop used for Conduit C03465
  WARNING 04: minimum elevation drop used for Conduit C03466
  WARNING 04: minimum elevation drop used for Conduit C03507
  WARNING 04: minimum elevation drop used for Conduit C03508
  WARNING 04: minimum elevation drop used for Conduit C03509
  WARNING 04: minimum elevation drop used for Conduit C03510
  WARNING 04: minimum elevation drop used for Conduit C03607
  WARNING 04: minimum elevation drop used for Conduit C03650
  WARNING 04: minimum elevation drop used for Conduit C03708
  WARNING 04: minimum elevation drop used for Conduit C03709
  WARNING 04: minimum elevation drop used for Conduit C03712
  WARNING 04: minimum elevation drop used for Conduit C03713
  WARNING 04: minimum elevation drop used for Conduit C03716
  WARNING 04: minimum elevation drop used for Conduit C03755
  WARNING 04: minimum elevation drop used for Conduit C03756
  WARNING 04: minimum elevation drop used for Conduit C03834
  WARNING 04: minimum elevation drop used for Conduit C03951
  WARNING 04: minimum elevation drop used for Conduit C04081
  WARNING 04: minimum elevation drop used for Conduit C04088
  WARNING 04: minimum elevation drop used for Conduit C04089
  WARNING 04: minimum elevation drop used for Conduit C04090
  WARNING 04: minimum elevation drop used for Conduit C04092
  WARNING 04: minimum elevation drop used for Conduit C04094
  WARNING 04: minimum elevation drop used for Conduit C04095
  WARNING 04: minimum elevation drop used for Conduit C04169
  WARNING 04: minimum elevation drop used for Conduit C04171
  WARNING 04: minimum elevation drop used for Conduit C04276
  WARNING 04: minimum elevation drop used for Conduit C04322
  WARNING 04: minimum elevation drop used for Conduit C04329
  WARNING 04: minimum elevation drop used for Conduit C04330
  WARNING 04: minimum elevation drop used for Conduit C04331
  WARNING 04: minimum elevation drop used for Conduit C04364
  WARNING 04: minimum elevation drop used for Conduit C04366
  WARNING 04: minimum elevation drop used for Conduit C04379
  WARNING 04: minimum elevation drop used for Conduit C04380
  WARNING 04: minimum elevation drop used for Conduit C04382
  WARNING 04: minimum elevation drop used for Conduit C04387
  WARNING 04: minimum elevation drop used for Conduit C04388
  WARNING 04: minimum elevation drop used for Conduit C04405
  WARNING 04: minimum elevation drop used for Conduit C04406
  WARNING 04: minimum elevation drop used for Conduit C04407
  WARNING 04: minimum elevation drop used for Conduit C04480
  WARNING 04: minimum elevation drop used for Conduit C04481
  WARNING 04: minimum elevation drop used for Conduit C04485
  WARNING 04: minimum elevation drop used for Conduit C04488
  WARNING 04: minimum elevation drop used for Conduit C04492
  WARNING 04: minimum elevation drop used for Conduit C04493
  WARNING 04: minimum elevation drop used for Conduit C04494
  WARNING 04: minimum elevation drop used for Conduit C04496
  WARNING 04: minimum elevation drop used for Conduit C04507
  WARNING 04: minimum elevation drop used for Conduit C04509
  WARNING 04: minimum elevation drop used for Conduit C04533
  WARNING 04: minimum elevation drop used for Conduit C04615
  WARNING 04: minimum elevation drop used for Conduit C04676
  WARNING 04: minimum elevation drop used for Conduit C04679
  WARNING 04: minimum elevation drop used for Conduit C04705
  WARNING 04: minimum elevation drop used for Conduit C04707
  WARNING 04: minimum elevation drop used for Conduit C04710
  WARNING 04: minimum elevation drop used for Conduit C04712
  WARNING 04: minimum elevation drop used for Conduit C04716
  WARNING 04: minimum elevation drop used for Conduit C04784
  WARNING 04: minimum elevation drop used for Conduit C04796
  WARNING 04: minimum elevation drop used for Conduit C04828
  WARNING 04: minimum elevation drop used for Conduit C04845
  WARNING 04: minimum elevation drop used for Conduit C04874
  WARNING 04: minimum elevation drop used for Conduit C04913
  WARNING 04: minimum elevation drop used for Conduit C05035
  WARNING 04: minimum elevation drop used for Conduit C05048
  WARNING 04: minimum elevation drop used for Conduit C05050
  WARNING 04: minimum elevation drop used for Conduit C05095
  WARNING 04: minimum elevation drop used for Conduit C05099
  WARNING 04: minimum elevation drop used for Conduit C05100
  WARNING 04: minimum elevation drop used for Conduit C05196
  WARNING 04: minimum elevation drop used for Conduit C05197
  WARNING 04: minimum elevation drop used for Conduit C05198
  WARNING 04: minimum elevation drop used for Conduit C05199
  WARNING 04: minimum elevation drop used for Conduit C05200
  WARNING 04: minimum elevation drop used for Conduit C05201
  WARNING 04: minimum elevation drop used for Conduit C05213
  WARNING 04: minimum elevation drop used for Conduit C05223
  WARNING 04: minimum elevation drop used for Conduit C05258
  WARNING 04: minimum elevation drop used for Conduit C05259
  WARNING 04: minimum elevation drop used for Conduit C05260
  WARNING 04: minimum elevation drop used for Conduit C05261
  WARNING 04: minimum elevation drop used for Conduit C05262
  WARNING 04: minimum elevation drop used for Conduit C05265
  WARNING 04: minimum elevation drop used for Conduit C05267
  WARNING 04: minimum elevation drop used for Conduit C05294
  WARNING 04: minimum elevation drop used for Conduit C05384
  WARNING 04: minimum elevation drop used for Conduit C05385
  WARNING 04: minimum elevation drop used for Conduit C05386
  WARNING 04: minimum elevation drop used for Conduit C05387
  WARNING 04: minimum elevation drop used for Conduit C05388
  WARNING 04: minimum elevation drop used for Conduit C05413
  WARNING 04: minimum elevation drop used for Conduit C05414
  WARNING 04: minimum elevation drop used for Conduit C05415
  WARNING 04: minimum elevation drop used for Conduit C05416
  WARNING 04: minimum elevation drop used for Conduit C05417
  WARNING 04: minimum elevation drop used for Conduit C05423
  WARNING 04: minimum elevation drop used for Conduit C05430
  WARNING 04: minimum elevation drop used for Conduit C05441
  WARNING 04: minimum elevation drop used for Conduit C05442
  WARNING 04: minimum elevation drop used for Conduit C05445
  WARNING 04: minimum elevation drop used for Conduit C05446
  WARNING 04: minimum elevation drop used for Conduit C05447
  WARNING 04: minimum elevation drop used for Conduit C05489
  WARNING 04: minimum elevation drop used for Conduit C05536
  WARNING 04: minimum elevation drop used for Conduit C05538
  WARNING 04: minimum elevation drop used for Conduit C05541
  WARNING 04: minimum elevation drop used for Conduit C05542
  WARNING 04: minimum elevation drop used for Conduit C05550
  WARNING 04: minimum elevation drop used for Conduit C05551
  WARNING 04: minimum elevation drop used for Conduit C05552
  WARNING 04: minimum elevation drop used for Conduit C05553
  WARNING 04: minimum elevation drop used for Conduit C05555
  WARNING 04: minimum elevation drop used for Conduit C05557
  WARNING 04: minimum elevation drop used for Conduit C05559
  WARNING 04: minimum elevation drop used for Conduit C05577
  WARNING 04: minimum elevation drop used for Conduit C05584
  WARNING 04: minimum elevation drop used for Conduit C05585
  WARNING 04: minimum elevation drop used for Conduit C05588
  WARNING 04: minimum elevation drop used for Conduit C05589
  WARNING 04: minimum elevation drop used for Conduit C05610
  WARNING 04: minimum elevation drop used for Conduit C05611
  WARNING 04: minimum elevation drop used for Conduit C05649
  WARNING 04: minimum elevation drop used for Conduit C05651
  WARNING 04: minimum elevation drop used for Conduit C05680
  WARNING 04: minimum elevation drop used for Conduit C05682
  WARNING 04: minimum elevation drop used for Conduit C05687
  WARNING 04: minimum elevation drop used for Conduit C05691
  WARNING 04: minimum elevation drop used for Conduit C05692
  WARNING 04: minimum elevation drop used for Conduit C05696
  WARNING 04: minimum elevation drop used for Conduit C05701
  WARNING 04: minimum elevation drop used for Conduit C05702
  WARNING 04: minimum elevation drop used for Conduit C05703
  WARNING 04: minimum elevation drop used for Conduit C05704
  WARNING 04: minimum elevation drop used for Conduit C05705
  WARNING 04: minimum elevation drop used for Conduit C05706
  WARNING 04: minimum elevation drop used for Conduit C05710
  WARNING 04: minimum elevation drop used for Conduit C05711
  WARNING 04: minimum elevation drop used for Conduit C05721
  WARNING 04: minimum elevation drop used for Conduit C05722
  WARNING 04: minimum elevation drop used for Conduit C05723
  WARNING 04: minimum elevation drop used for Conduit C05724
  WARNING 04: minimum elevation drop used for Conduit C05725
  WARNING 04: minimum elevation drop used for Conduit C05727
  WARNING 04: minimum elevation drop used for Conduit C05738
  WARNING 04: minimum elevation drop used for Conduit C05740
  WARNING 04: minimum elevation drop used for Conduit C05741
  WARNING 04: minimum elevation drop used for Conduit C05755
  WARNING 04: minimum elevation drop used for Conduit C05756
  WARNING 04: minimum elevation drop used for Conduit C05759
  WARNING 04: minimum elevation drop used for Conduit C05763
  WARNING 04: minimum elevation drop used for Conduit C05774
  WARNING 04: minimum elevation drop used for Conduit C05777
  WARNING 04: minimum elevation drop used for Conduit C05779
  WARNING 04: minimum elevation drop used for Conduit C05798
  WARNING 04: minimum elevation drop used for Conduit C05800
  WARNING 04: minimum elevation drop used for Conduit C05801
  WARNING 04: minimum elevation drop used for Conduit C05803
  WARNING 04: minimum elevation drop used for Conduit C05805
  WARNING 04: minimum elevation drop used for Conduit C05806
  WARNING 04: minimum elevation drop used for Conduit C05812
  WARNING 04: minimum elevation drop used for Conduit C05817
  WARNING 04: minimum elevation drop used for Conduit C05827
  WARNING 04: minimum elevation drop used for Conduit C05832
  WARNING 04: minimum elevation drop used for Conduit C05836
  WARNING 04: minimum elevation drop used for Conduit C05842
  WARNING 04: minimum elevation drop used for Conduit C05843
  WARNING 04: minimum elevation drop used for Conduit C05844
  WARNING 04: minimum elevation drop used for Conduit C05846
  WARNING 04: minimum elevation drop used for Conduit C05946
  WARNING 04: minimum elevation drop used for Conduit C05950
  WARNING 04: minimum elevation drop used for Conduit C05960
  WARNING 04: minimum elevation drop used for Conduit C05961
  WARNING 04: minimum elevation drop used for Conduit C05963
  WARNING 04: minimum elevation drop used for Conduit C06076
  WARNING 04: minimum elevation drop used for Conduit C06077
  WARNING 04: minimum elevation drop used for Conduit C06078
  WARNING 04: minimum elevation drop used for Conduit C06166
  WARNING 04: minimum elevation drop used for Conduit C06167
  WARNING 04: minimum elevation drop used for Conduit C06238
  WARNING 04: minimum elevation drop used for Conduit C06257
  WARNING 04: minimum elevation drop used for Conduit C06295
  WARNING 04: minimum elevation drop used for Conduit C06296
  WARNING 04: minimum elevation drop used for Conduit C06331
  WARNING 04: minimum elevation drop used for Conduit C06336
  WARNING 04: minimum elevation drop used for Conduit C06341
  WARNING 04: minimum elevation drop used for Conduit C06344
  WARNING 04: minimum elevation drop used for Conduit C06345
  WARNING 04: minimum elevation drop used for Conduit C06456
  WARNING 04: minimum elevation drop used for Conduit C06458
  WARNING 04: minimum elevation drop used for Conduit C06465
  WARNING 04: minimum elevation drop used for Conduit C06472
  WARNING 04: minimum elevation drop used for Conduit C06501
  WARNING 04: minimum elevation drop used for Conduit C06518
  WARNING 04: minimum elevation drop used for Conduit C06519
  WARNING 04: minimum elevation drop used for Conduit C06528
  WARNING 04: minimum elevation drop used for Conduit C06549
  WARNING 04: minimum elevation drop used for Conduit C06558
  WARNING 04: minimum elevation drop used for Conduit C06561
  WARNING 04: minimum elevation drop used for Conduit C06565
  WARNING 04: minimum elevation drop used for Conduit C06607
  WARNING 04: minimum elevation drop used for Conduit C06608
  WARNING 04: minimum elevation drop used for Conduit C06622
  WARNING 04: minimum elevation drop used for Conduit C06698
  WARNING 04: minimum elevation drop used for Conduit C06708
  WARNING 04: minimum elevation drop used for Conduit C06709
  WARNING 04: minimum elevation drop used for Conduit C06710
  WARNING 04: minimum elevation drop used for Conduit C06711
  WARNING 04: minimum elevation drop used for Conduit C06767
  WARNING 04: minimum elevation drop used for Conduit C06769
  WARNING 04: minimum elevation drop used for Conduit C06781
  WARNING 04: minimum elevation drop used for Conduit C06782
  WARNING 04: minimum elevation drop used for Conduit C06784

  Analysis begun on:  Fri May 22 12:21:53 2026
  Analysis ended on:  Fri May 22 12:21:53 2026
  Total elapsed time: < 1 sec