
  EPA STORM WATER MANAGEMENT MODEL - VERSION 5.2 (Build 5.2.4)
  PYSWMM TOOLKIT API - VERSION v1.0 (2026-02-26)
  ------------------------------------------------------------

  Shenzhen OSM Main Trunk Sub 
  WARNING 04: minimum elevation drop used for Conduit C_00015
  
  ****************
  Analysis Options
  ****************
  Flow Units ............... CMS
  Process Models:
    Rainfall/Runoff ........ NO
    RDII ................... NO
    Snowmelt ............... NO
    Groundwater ............ NO
    Flow Routing ........... YES
    Ponding Allowed ........ NO
    Water Quality .......... NO
  Flow Routing Method ...... DYNWAVE
  Surcharge Method ......... EXTRAN
  Starting Date ............ 01/01/2026 00:00:00
  Ending Date .............. 01/01/2026 06:00:00
  Antecedent Dry Days ...... 0.0
  Report Time Step ......... 00:10:00
  Routing Time Step ........ 5.00 sec
  Variable Time Step ....... YES
  Maximum Trials ........... 8
  Number of Threads ........ 1
  Head Tolerance ........... 0.001524 m
  
  
  **************************        Volume        Volume
  Flow Routing Continuity        hectare-m      10^6 ltr
  **************************     ---------     ---------
  Dry Weather Inflow .......         0.000         0.000
  Wet Weather Inflow .......         0.000         0.000
  Groundwater Inflow .......         0.000         0.000
  RDII Inflow ..............         0.000         0.000
  External Inflow ..........         3.248        32.476
  External Outflow .........         2.861        28.613
  Flooding Loss ............         0.554         5.543
  Evaporation Loss .........         0.000         0.000
  Exfiltration Loss ........         0.000         0.000
  Initial Stored Volume ....         0.000         0.000
  Final Stored Volume ......         0.644         6.437
  Continuity Error (%) .....       -24.995
  
  
  *************************
  Highest Continuity Errors
  *************************
  Node N01951 (-34.17%)
  Node N02794 (29.71%)
  Node N00831 (16.49%)
  Node N02075 (13.26%)
  Node N00709 (11.71%)
  
  
  ***************************
  Time-Step Critical Elements
  ***************************
  None
  
  
  ********************************
  Highest Flow Instability Indexes
  ********************************
  Link C_00015 (90)
  Link C_00021 (75)
  Link C_00028 (63)
  
  
  *********************************
  Most Frequent Nonconverging Nodes
  *********************************
  Node Outfall_01 (64.95%)
  Node N02513 (38.31%)
  Node N01666 (32.82%)
  Node N02794 (32.62%)
  Node N02603 (32.57%)
  
  
  *************************
  Routing Time Step Summary
  *************************
  Minimum Time Step           :     5.00 sec
  Average Time Step           :     5.00 sec
  Maximum Time Step           :     5.00 sec
  % of Time in Steady State   :     0.00
  Average Iterations per Step :     5.90
  % of Steps Not Converging   :    64.95
  Time Step Frequencies       :
      5.000 -  3.155 sec      :   100.00 %
      3.155 -  1.991 sec      :     0.00 %
      1.991 -  1.256 sec      :     0.00 %
      1.256 -  0.792 sec      :     0.00 %
      0.792 -  0.500 sec      :     0.00 %
  
  
  ******************
  Node Depth Summary
  ******************
  
  ---------------------------------------------------------------------------------
                                 Average  Maximum  Maximum  Time of Max    Reported
                                   Depth    Depth      HGL   Occurrence   Max Depth
  Node                 Type       Meters   Meters   Meters  days hr:min      Meters
  ---------------------------------------------------------------------------------
  N00791               JUNCTION     0.00     0.01    44.08     0  01:45        0.00
  N02075               JUNCTION     0.00     0.01    14.10     0  02:48        0.00
  N00158               JUNCTION     0.03     0.04     9.54     0  05:59        0.00
  N00110               JUNCTION     0.61     0.84     7.05     0  05:59        0.00
  N02061               JUNCTION     0.01     0.01    20.29     0  03:19        0.00
  N02103               JUNCTION     0.02     0.04    29.12     0  02:12        0.00
  N02661               JUNCTION     1.63     2.00    10.37     0  01:31        0.00
  N00319               JUNCTION     0.03     0.07    22.08     0  01:49        0.00
  N02648               JUNCTION     0.00     0.01    10.47     0  01:46        0.00
  N01943               JUNCTION     0.05     0.08     5.64     0  05:59        0.00
  N02094               JUNCTION     0.01     0.02    26.34     0  01:45        0.00
  N00709               JUNCTION     0.22     0.38    18.55     0  04:02        0.00
  N00208               JUNCTION     1.64     2.02     7.96     0  01:36        0.00
  N01951               JUNCTION     1.27     3.00     6.13     0  02:59        0.00
  N01275               JUNCTION     1.61     3.00     9.72     0  01:06        0.00
  N00612               JUNCTION     0.02     0.05    24.98     0  02:16        0.00
  N01267               JUNCTION     0.00     0.00    16.08     0  02:52        0.00
  N01929               JUNCTION     0.12     0.17     6.76     0  05:59        0.00
  N01076               JUNCTION     0.32     0.43    11.96     0  05:59        0.00
  N01560               JUNCTION     1.39     2.67    14.08     0  05:49        0.00
  N02252               JUNCTION     0.01     0.02    22.44     0  02:12        0.00
  N01367               JUNCTION     0.02     0.04    12.89     0  02:06        0.00
  N00525               JUNCTION     0.61     0.85    20.16     0  05:59        0.00
  N01259               JUNCTION     1.66     2.02    20.64     0  01:38        0.00
  N01974               JUNCTION     0.06     0.13    22.41     0  01:51        0.00
  N02254               JUNCTION     1.64     2.02    21.10     0  01:39        0.00
  N01078               JUNCTION     0.03     0.05    20.83     0  02:13        0.00
  N02513               JUNCTION     1.19     3.00    18.43     0  02:33        0.00
  N01977               JUNCTION     1.75     2.07    19.25     0  01:06        0.00
  N01969               JUNCTION     0.51     0.70    18.88     0  05:59        0.00
  N01892               JUNCTION     1.53     2.28    16.51     0  05:50        0.00
  N00074               JUNCTION     0.06     0.09    17.49     0  05:59        0.00
  N01991               JUNCTION     0.11     0.18    13.35     0  05:59        0.00
  N00826               JUNCTION     1.61     2.01    16.00     0  01:43        0.00
  N02024               JUNCTION     1.34     2.00    18.45     0  05:29        0.00
  N01998               JUNCTION     0.01     0.01     9.57     0  01:45        0.00
  N00831               JUNCTION     0.03     0.04     7.22     0  02:15        0.00
  N02017               JUNCTION     0.08     0.14    12.79     0  05:59        0.00
  N01884               JUNCTION     1.35     2.79     7.36     0  03:07        0.00
  N01993               JUNCTION     1.58     2.01    10.14     0  01:43        0.00
  N02779               JUNCTION     1.63     2.01    18.47     0  01:43        0.00
  N00280               JUNCTION     0.60     0.81     6.34     0  05:59        0.00
  N02831               JUNCTION     1.50     2.02    21.71     0  05:56        0.00
  N02019               JUNCTION     1.61     2.02    22.52     0  01:45        0.00
  N01695               JUNCTION     1.62     3.00     7.48     0  03:08        0.00
  N01445               JUNCTION     0.11     0.19    12.07     0  04:13        0.00
  N01800               JUNCTION     1.42     3.00    11.26     0  02:39        0.00
  N00025               JUNCTION     1.60     2.01    19.42     0  01:40        0.00
  N01791               JUNCTION     1.25     3.00     8.23     0  03:01        0.00
  N00553               JUNCTION     0.01     0.01    29.52     0  03:36        0.00
  N01759               JUNCTION     1.00     3.00     7.50     0  03:47        0.00
  N01440               JUNCTION     0.03     0.05     7.24     0  05:59        0.00
  N01841               JUNCTION     1.49     2.31    12.25     0  05:59        0.00
  N00076               JUNCTION     0.01     0.01    20.42     0  02:58        0.00
  N01717               JUNCTION     0.01     0.02     5.59     0  05:59        0.00
  N00019               JUNCTION     0.06     0.10     6.84     0  05:59        0.00
  N01529               JUNCTION     0.00     0.00    22.96     0  01:46        0.00
  N01775               JUNCTION     0.15     3.00     7.50     0  05:55        0.00
  N01839               JUNCTION     0.28     0.48    11.71     0  05:59        0.00
  N02284               JUNCTION     1.58     2.00    23.33     0  01:39        0.00
  N01822               JUNCTION     0.01     0.02     6.75     0  02:06        0.00
  N01723               JUNCTION     0.05     0.08     5.00     0  05:59        0.00
  N00457               JUNCTION     0.07     0.11    16.20     0  03:07        0.00
  N01765               JUNCTION     0.17     0.35     4.97     0  05:59        0.00
  N02286               JUNCTION     0.66     0.92    20.27     0  05:59        0.00
  N01858               JUNCTION     1.65     2.01    10.17     0  01:45        0.00
  N02716               JUNCTION     0.09     0.17     5.34     0  05:59        0.00
  N00540               JUNCTION     0.28     0.37    13.93     0  05:59        0.00
  N01693               JUNCTION     1.40     3.00     7.16     0  03:07        0.00
  N00875               JUNCTION     0.01     0.01     6.78     0  03:16        0.00
  N02603               JUNCTION     1.65     3.00     6.26     0  02:05        0.00
  N00056               JUNCTION     1.55     2.01    15.92     0  01:41        0.00
  N00408               JUNCTION     0.91     1.31    18.07     0  05:59        0.00
  N02441               JUNCTION     1.52     2.25     7.26     0  04:09        0.00
  N01548               JUNCTION     1.45     2.44     5.68     0  04:30        0.00
  N01252               JUNCTION     0.03     0.05    10.04     0  05:59        0.00
  N02472               JUNCTION     1.58     3.00     7.98     0  02:08        0.00
  N00444               JUNCTION     0.01     0.01    21.28     0  03:21        0.00
  N01579               JUNCTION     0.01     0.01     5.75     0  05:59        0.00
  N02125               JUNCTION     0.97     1.40    16.19     0  05:59        0.00
  N02794               JUNCTION     1.62     3.00    13.40     0  02:06        0.00
  N01666               JUNCTION     1.64     3.00    13.40     0  02:06        0.00
  Outfall_01           OUTFALL      0.00     0.00     2.13     0  00:00        0.00
  
  
  *******************
  Node Inflow Summary
  *******************
  
  -------------------------------------------------------------------------------------------------
                                  Maximum  Maximum                  Lateral       Total        Flow
                                  Lateral    Total  Time of Max      Inflow      Inflow     Balance
                                   Inflow   Inflow   Occurrence      Volume      Volume       Error
  Node                 Type           CMS      CMS  days hr:min    10^6 ltr    10^6 ltr     Percent
  -------------------------------------------------------------------------------------------------
  N00791               JUNCTION     0.000    0.000     0  01:03    0.000936    0.000936      -6.458
  N02075               JUNCTION     0.000    0.000     0  01:40     0.00103     0.00203      15.287
  N00158               JUNCTION     0.001    0.001     0  01:05     0.00161     0.00289       0.000
  N00110               JUNCTION     0.000    0.000     0  01:05    0.000984    0.000984       0.000
  N02061               JUNCTION     0.001    0.001     0  01:05     0.00309     0.00309     130.233
  N02103               JUNCTION     0.007    0.007     0  01:41      0.0316      0.0316      12.406
  N02661               JUNCTION    -0.019    0.001     0  01:05     0.00233     0.00587       0.000
  N00319               JUNCTION     0.015    0.015     0  01:45      0.0691      0.0691      -3.500
  N02648               JUNCTION     0.000    0.000     0  01:36     0.00095     0.00095     -18.207
  N01943               JUNCTION     0.003    0.003     0  02:05     0.00967      0.0108       0.000
  N02094               JUNCTION     0.002    0.002     0  01:40      0.0122      0.0122     -10.514
  N00709               JUNCTION     0.179    0.180     0  03:20        2.08        2.09      13.265
  N00208               JUNCTION    -0.035    0.005     0  01:41      0.0023      0.0147       0.000
  N01951               JUNCTION    -0.323    0.369     0  05:59       -0.33        1.42     -25.466
  N01275               JUNCTION     0.978    0.978     0  01:46       0.867        4.27       0.000
  N00612               JUNCTION     0.009    0.009     0  02:05      0.0455      0.0455      -0.975
  N01267               JUNCTION     0.000    0.000     0  01:01     0.00141     0.00141      -2.633
  N01929               JUNCTION     0.006    0.006     0  01:40      0.0313      0.0324       0.000
  N01076               JUNCTION     0.000    0.000     0  01:05    0.000507    0.000507       0.000
  N01560               JUNCTION    -0.483    0.168     0  05:57   -0.000201         1.1       0.000
  N02252               JUNCTION     0.002    0.002     0  01:48     0.00442     0.00442      -5.987
  N01367               JUNCTION     0.005    0.005     0  01:45      0.0254      0.0254      -3.894
  N00525               JUNCTION     0.000    0.000     0  01:39    0.000988    0.000988       0.000
  N01259               JUNCTION    -0.056    0.004     0  03:10     0.00226      0.0285       0.000
  N01974               JUNCTION     0.049    0.049     0  01:45       0.263       0.263      -2.098
  N02254               JUNCTION    -0.033    0.004     0  01:43     0.00233      0.0142       0.000
  N01078               JUNCTION     0.010    0.010     0  01:45      0.0474      0.0474       0.482
  N02513               JUNCTION     0.491    0.491     0  03:25        2.09         3.2     -29.810
  N01977               JUNCTION    -0.121    0.018     0  01:05     0.00231      0.0623       0.000
  N01969               JUNCTION     0.000    0.000     0  01:04    0.000813    0.000813       0.000
  N01892               JUNCTION    -0.241    0.070     0  05:58     0.00244       0.344       0.000
  N00074               JUNCTION     0.001    0.002     0  02:05     0.00588      0.0106       0.000
  N01991               JUNCTION     0.001    0.012     0  01:53     0.00606      0.0777       0.000
  N00826               JUNCTION    -0.024    0.002     0  01:41     0.00231      0.0084       0.000
  N02024               JUNCTION    -0.006    0.000     0  01:05     0.00233     0.00363       0.000
  N01998               JUNCTION     0.000    0.000     0  01:05     0.00339     0.00339       0.620
  N00831               JUNCTION     0.002    0.003     0  01:41      0.0127       0.016      19.743
  N02017               JUNCTION     0.000    0.007     0  02:16     0.00127      0.0472       0.000
  N01884               JUNCTION    -0.544    0.224     0  05:59     -0.0261        1.56       0.000
  N01993               JUNCTION    -0.018    0.001     0  01:43     0.00234     0.00754       0.000
  N02779               JUNCTION    -0.027    0.002     0  01:43     0.00233      0.0106       0.000
  N00280               JUNCTION     0.000    0.000     0  01:40     0.00095     0.00095       0.000
  N02831               JUNCTION    -0.042    0.004     0  05:59     0.00223      0.0261       0.000
  N02019               JUNCTION    -0.041    0.005     0  01:42     0.00229      0.0147       0.000
  N01695               JUNCTION     0.909    0.909     0  05:59        0.83        3.29       0.000
  N01445               JUNCTION     0.001    0.163     0  04:03     0.00669        1.85       6.868
  N01800               JUNCTION    -0.692    0.243     0  04:13       -1.45        2.21       0.000
  N00025               JUNCTION    -0.016    0.001     0  01:41     0.00232     0.00644       0.000
  N01791               JUNCTION    -0.321    0.216     0  03:01      -0.876       0.818       0.000
  N00553               JUNCTION     0.000    0.000     0  01:05     0.00371     0.00371      22.603
  N01759               JUNCTION     0.369    0.369     0  03:47       0.863        1.94       0.000
  N01440               JUNCTION     0.003    0.003     0  02:05      0.0152      0.0156       0.000
  N01841               JUNCTION    -0.263    0.076     0  05:59     0.00153       0.589       0.000
  N00076               JUNCTION     0.001    0.001     0  02:05     0.00242     0.00242      12.302
  N01717               JUNCTION     0.001    0.001     0  01:05     0.00274     0.00489       0.000
  N00019               JUNCTION     0.001    0.002     0  01:45     0.00556       0.019       0.000
  N01529               JUNCTION     0.000    0.000     0  01:05    0.000448    0.000448     -20.781
  N01775               JUNCTION     0.393    0.393     0  05:55        1.18        1.47       0.000
  N01839               JUNCTION     0.000    0.043     0  01:51     0.00297       0.272       0.000
  N02284               JUNCTION    -0.017    0.001     0  01:40     0.00233     0.00436       0.000
  N01822               JUNCTION     0.001    0.001     0  01:45     0.00412     0.00412      -1.596
  N01723               JUNCTION     0.001    0.001     0  02:05     0.00344     0.00762       0.000
  N00457               JUNCTION     0.047    0.047     0  01:45       0.324       0.324       2.159
  N01765               JUNCTION     0.000    0.035     0  03:07     0.00349       0.321       0.000
  N02286               JUNCTION     0.000    0.000     0  01:05     0.00108     0.00108       0.000
  N01858               JUNCTION    -0.025    0.002     0  01:42     0.00231      0.0107       0.000
  N02716               JUNCTION     0.005    0.011     0  02:24      0.0352      0.0824       0.000
  N00540               JUNCTION     0.000    0.000     0  01:05    0.000435    0.000435       0.000
  N01693               JUNCTION    -0.703    0.359     0  05:59     -0.0536        2.09       0.000
  N00875               JUNCTION     0.001    0.001     0  01:05     0.00354     0.00354      23.224
  N02603               JUNCTION    -0.326    0.157     0  02:05      -0.937        1.21       0.000
  N00056               JUNCTION    -0.023    0.002     0  01:43     0.00234     0.00773       0.000
  N00408               JUNCTION     0.000    0.000     0  01:04     0.00152     0.00152       0.000
  N02441               JUNCTION    -0.240    0.061     0  04:11      0.0023       0.213       0.000
  N01548               JUNCTION    -0.331    0.131     0  05:59     0.00162       0.771       0.000
  N01252               JUNCTION     0.000    0.003     0  02:05     0.00152      0.0296       0.000
  N02472               JUNCTION     0.421    0.421     0  02:08      -0.501        1.62       0.000
  N00444               JUNCTION     0.000    0.000     0  01:05     0.00316     0.00316      10.447
  N01579               JUNCTION     0.001    0.001     0  01:05     0.00165     0.00488       0.000
  N02125               JUNCTION     0.000    0.000     0  01:05     0.00163     0.00163       0.000
  N02794               JUNCTION    -0.674    0.854     0  05:56      -0.318        5.13      42.272
  N01666               JUNCTION    -0.325    0.231     0  02:26      -0.604        2.15       0.000
  Outfall_01           OUTFALL      0.000    0.000     0  00:00           0           0       0.000 ltr
  
  
  **********************
  Node Surcharge Summary
  **********************
  
  Surcharging occurs when water rises above the top of the highest conduit.
  ---------------------------------------------------------------------
                                               Max. Height   Min. Depth
                                   Hours       Above Crown    Below Rim
  Node                 Type      Surcharged         Meters       Meters
  ---------------------------------------------------------------------
  N00110               JUNCTION        6.00          0.843        2.157
  N02661               JUNCTION        6.00          2.002        0.998
  N00208               JUNCTION        6.00          2.018        0.982
  N01951               JUNCTION        3.02          2.400        0.000
  N01275               JUNCTION        6.00          3.000        0.000
  N01076               JUNCTION        6.00          0.434        2.566
  N01560               JUNCTION        6.00          2.675        0.325
  N00525               JUNCTION        6.00          0.847        2.153
  N01259               JUNCTION        6.00          2.020        0.980
  N02254               JUNCTION        6.00          2.016        0.984
  N02513               JUNCTION        3.45          2.400        0.000
  N01977               JUNCTION        6.00          2.070        0.930
  N01969               JUNCTION        6.00          0.696        2.304
  N01892               JUNCTION        6.00          2.279        0.721
  N00826               JUNCTION        6.00          2.005        0.995
  N02024               JUNCTION        6.00          2.001        0.999
  N01884               JUNCTION        6.00          2.789        0.211
  N01993               JUNCTION        6.00          2.010        0.990
  N02779               JUNCTION        6.00          2.012        0.988
  N00280               JUNCTION        6.00          0.814        2.186
  N02831               JUNCTION        6.00          2.015        0.985
  N02019               JUNCTION        6.00          2.022        0.978
  N01695               JUNCTION        6.00          3.000        0.000
  N01800               JUNCTION        3.35          2.200        0.000
  N00025               JUNCTION        6.00          2.007        0.993
  N01791               JUNCTION        2.98          2.400        0.000
  N01759               JUNCTION        2.22          2.200        0.000
  N01841               JUNCTION        6.00          2.308        0.692
  N01775               JUNCTION        0.08          2.200        0.000
  N02284               JUNCTION        6.00          2.004        0.996
  N02286               JUNCTION        6.00          0.921        2.079
  N01858               JUNCTION        6.00          2.006        0.994
  N00540               JUNCTION        6.00          0.373        2.627
  N01693               JUNCTION        6.00          3.000        0.000
  N02603               JUNCTION        3.91          2.200        0.000
  N00056               JUNCTION        6.00          2.010        0.990
  N00408               JUNCTION        6.00          1.305        1.695
  N02441               JUNCTION        6.00          2.249        0.751
  N01548               JUNCTION        6.00          2.440        0.560
  N02472               JUNCTION        3.87          2.400        0.000
  N02125               JUNCTION        6.00          1.397        1.603
  N02794               JUNCTION        3.89          2.200        0.000
  N01666               JUNCTION        3.90          2.200        0.000
  
  
  *********************
  Node Flooding Summary
  *********************
  
  Flooding refers to all water that overflows a node, whether it ponds or not.
  --------------------------------------------------------------------------
                                                             Total   Maximum
                                 Maximum   Time of Max       Flood    Ponded
                        Hours       Rate    Occurrence      Volume     Depth
  Node                 Flooded       CMS   days hr:min    10^6 ltr    Meters
  --------------------------------------------------------------------------
  N01951                  0.24     0.183      0  02:59       0.032     0.000
  N01275                  1.83     0.684      0  01:46       2.207     0.000
  N02513                  1.03     0.195      0  02:33       0.263     0.000
  N01695                  1.16     0.653      0  03:44       1.810     0.000
  N01800                  1.37     0.100      0  02:41       0.145     0.000
  N01791                  0.01     0.216      0  03:01       0.001     0.000
  N01759                  0.84     0.368      0  03:47       0.081     0.000
  N01775                  0.01     0.322      0  05:55       0.002     0.000
  N01693                  0.15     0.308      0  03:32       0.109     0.000
  N02603                  0.01     0.157      0  02:05       0.001     0.000
  N02472                  0.01     0.421      0  02:08       0.002     0.000
  N02794                  1.86     0.670      0  05:56       0.841     0.000
  N01666                  0.93     0.128      0  02:26       0.051     0.000
  
  
  ***********************
  Outfall Loading Summary
  ***********************
  
  -----------------------------------------------------------
                         Flow       Avg       Max       Total
                         Freq      Flow      Flow      Volume
  Outfall Node           Pcnt       CMS       CMS    10^6 ltr
  -----------------------------------------------------------
  Outfall_01             0.00     0.000     0.000       0.000
  -----------------------------------------------------------
  System                 0.00     0.000     0.000       0.000
  
  
  ********************
  Link Flow Summary
  ********************
  
  -----------------------------------------------------------------------------
                                 Maximum  Time of Max   Maximum    Max/    Max/
                                  |Flow|   Occurrence   |Veloc|    Full    Full
  Link                 Type          CMS  days hr:min     m/sec    Flow   Depth
  -----------------------------------------------------------------------------
  C_00001              CONDUIT     0.000     0  01:45      0.30    0.00    0.01
  C_00002              CONDUIT     0.000     0  02:48      0.04    0.00    0.03
  C_00003              CONDUIT     0.000     0  01:46      0.05    0.00    0.05
  C_00004              CONDUIT     0.002     0  01:45      0.61    0.00    0.24
  C_00005              CONDUIT     0.000     0  02:52      0.03    0.00    0.11
  C_00006              CONDUIT     0.000     0  01:45      0.19    0.00    0.03
  C_00007              CONDUIT     0.162     0  04:13      0.49    0.13    0.62
  C_00008              CONDUIT     0.000     0  03:36      0.16    0.00    0.50
  C_00009              CONDUIT     0.000     0  02:58      0.11    0.00    0.02
  C_00010              CONDUIT     0.000     0  01:46      0.06    0.00    0.50
  C_00011              CONDUIT     0.001     0  02:06      0.14    0.00    0.05
  C_00012              CONDUIT     0.035     0  03:07      0.94    0.04    0.25
  C_00013              CONDUIT     0.000     0  03:16      0.03    0.00    0.51
  C_00014              CONDUIT     0.000     0  03:21      0.19    0.00    0.01
  C_00015              CONDUIT     0.191     0  02:22      0.38   16.53    1.00
  C_00016              CONDUIT     0.000     0  02:48      0.02    0.00    0.04
  C_00017              CONDUIT     0.000     0  03:19      0.07    0.00    0.51
  C_00018              CONDUIT     0.003     0  02:19      0.53    0.01    0.06
  C_00019              CONDUIT     0.012     0  01:53      0.67    0.03    0.16
  C_00020              CONDUIT     0.163     0  04:03      1.24    0.56    0.47
  C_00021              CONDUIT     0.131     0  05:59      0.46    1.06    1.00
  C_00022              CONDUIT     0.007     0  02:16      0.60    0.01    0.13
  C_00023              CONDUIT     0.000     0  02:52      0.05    0.00    0.01
  C_00024              CONDUIT     0.001     0  02:12      0.14    0.00    0.07
  C_00025              CONDUIT     0.003     0  02:06      0.20    0.01    0.53
  C_00026              CONDUIT     0.043     0  01:51      1.02    0.10    0.43
  C_00027              CONDUIT     0.006     0  02:13      0.62    0.01    0.16
  C_00028              CONDUIT     0.236     0  05:57      0.87    0.97    1.00
  C_00029              CONDUIT     0.001     0  02:15      0.13    0.01    0.11
  
  
  ***************************
  Flow Classification Summary
  ***************************
  
  -------------------------------------------------------------------------------------
                      Adjusted    ---------- Fraction of Time in Flow Class ---------- 
                       /Actual         Up    Down  Sub   Sup   Up    Down  Norm  Inlet 
  Conduit               Length    Dry  Dry   Dry   Crit  Crit  Crit  Crit  Ltd   Ctrl  
  -------------------------------------------------------------------------------------
  C_00001                 1.00   0.03  0.00  0.00  0.75  0.22  0.00  0.00  0.64  0.00
  C_00002                 1.00   0.03  0.00  0.00  0.97  0.00  0.00  0.00  0.97  0.00
  C_00003                 1.00   0.02  0.00  0.00  0.97  0.00  0.00  0.00  0.97  0.00
  C_00004                 1.00   0.02  0.00  0.00  0.81  0.17  0.00  0.00  0.77  0.00
  C_00005                 1.00   0.02  0.00  0.00  0.98  0.00  0.00  0.00  0.97  0.00
  C_00006                 1.00   0.02  0.00  0.00  0.98  0.00  0.00  0.00  0.84  0.00
  C_00007                 1.00   0.02  0.00  0.00  0.98  0.00  0.00  0.00  0.97  0.00
  C_00008                 1.00   0.02  0.00  0.00  0.98  0.00  0.00  0.00  0.93  0.00
  C_00009                 1.00   0.02  0.00  0.00  0.97  0.00  0.00  0.00  0.97  0.00
  C_00010                 1.00   0.02  0.01  0.00  0.97  0.00  0.00  0.00  0.97  0.00
  C_00011                 1.00   0.02  0.00  0.00  0.98  0.00  0.00  0.00  0.83  0.00
  C_00012                 1.00   0.02  0.00  0.00  0.81  0.17  0.00  0.00  0.65  0.00
  C_00013                 1.00   0.02  0.00  0.00  0.97  0.00  0.00  0.00  0.97  0.00
  C_00014                 1.00   0.02  0.00  0.00  0.98  0.00  0.00  0.00  0.73  0.00
  C_00015                 1.00   0.02  0.00  0.00  0.98  0.00  0.00  0.00  0.00  0.00
  C_00016                 1.00   0.02  0.01  0.00  0.97  0.00  0.00  0.00  0.97  0.00
  C_00017                 1.00   0.02  0.00  0.00  0.98  0.00  0.00  0.00  0.92  0.00
  C_00018                 1.00   0.02  0.00  0.00  0.72  0.25  0.00  0.00  0.43  0.00
  C_00019                 1.00   0.02  0.00  0.00  0.85  0.13  0.00  0.00  0.74  0.00
  C_00020                 1.00   0.02  0.00  0.00  0.80  0.17  0.00  0.00  0.15  0.00
  C_00021                 1.00   0.02  0.00  0.00  0.98  0.00  0.00  0.00  0.47  0.00
  C_00022                 1.00   0.03  0.00  0.00  0.77  0.21  0.00  0.00  0.63  0.00
  C_00023                 1.00   0.02  0.00  0.00  0.98  0.00  0.00  0.00  0.91  0.00
  C_00024                 1.00   0.02  0.00  0.00  0.97  0.00  0.00  0.00  0.97  0.00
  C_00025                 1.00   0.02  0.00  0.00  0.98  0.00  0.00  0.00  0.97  0.00
  C_00026                 1.00   0.02  0.00  0.00  0.80  0.18  0.00  0.00  0.70  0.00
  C_00027                 1.00   0.02  0.00  0.00  0.88  0.10  0.00  0.00  0.72  0.00
  C_00028                 1.00   0.02  0.00  0.00  0.98  0.00  0.00  0.00  0.31  0.00
  C_00029                 1.00   0.03  0.00  0.00  0.97  0.00  0.00  0.00  0.63  0.00
  
  
  *************************
  Conduit Surcharge Summary
  *************************
  
  ----------------------------------------------------------------------------
                                                           Hours        Hours 
                         --------- Hours Full --------   Above Full   Capacity
  Conduit                Both Ends  Upstream  Dnstream   Normal Flow   Limited
  ----------------------------------------------------------------------------
  C_00007                     0.01      0.01      1.68      0.01         0.01
  C_00008                     0.01      0.01      1.11      0.01         0.01
  C_00010                     0.01      0.01      0.04      0.01         0.01
  C_00013                     0.01      0.01      1.96      0.01         0.01
  C_00015                     0.22      2.03      1.96      2.89         0.01
  C_00017                     0.01      0.01      1.94      0.01         0.01
  C_00021                     0.17      0.33      1.51      0.02         0.01
  C_00025                     0.01      0.01      1.49      0.01         0.01
  C_00028                     1.15      1.15      4.01      0.01         0.57
  

  Analysis begun on:  Sat Jul 18 13:43:15 2026
  Analysis ended on:  Sat Jul 18 13:44:33 2026
  Total elapsed time: 00:01:18